// Vitest Snapshot v1, https://vitest.dev/guide/snapshot.html

exports[`PokemonList > renders empty list when no pokemons are provided 1`] = `
<section
  aria-label="List of Pokémon"
  class="mt-56 p-2"
>
  <ul
    class="flex justify-center gap-x-10 gap-y-28 flex-wrap"
  />
</section>
`;

exports[`PokemonList > renders loading state correctly 1`] = `
<DocumentFragment>
  <section
    aria-label="List of Pokémon"
    class="mt-56 p-2"
  >
    <ul
      class="flex justify-center gap-x-10 gap-y-28 flex-wrap"
    >
      <div
        class="w-60 h-[258px] flex justify-center items-center shadow border border-slate-300 text-slate-400 bg-slate-300 dark:bg-slate-800 dark:text-slate-950 dark:border-slate-700 rounded-3xl animate-pulse "
        data-testid="card-skeleton-loader"
      >
        <svg
          fill="currentColor"
          height="800px"
          viewBox="0 0 512 512"
          width="800px"
          xmlns="http://www.w3.org/2000/svg"
        >
          <path
            d="M450.46,256.09C449.35,175.17,399.81,102.71,324,73.79,247.59,44.67,157.49,69,105.82,132.13,54.4,195,46.61,285.58,88.49,355.68c41.8,69.95,123.74,106,203.55,91.63,91-16.37,156.14-98.12,158.35-189.14A20.16,20.16,0,0,0,450.46,256.09ZM119.05,174.38C152.76,118,220.23,87,285,99.43c69.4,13.29,120.43,70.47,128.83,139H318.41c-8.26-27.36-32-48-62.62-48-29.65,0-55.15,20.65-63.11,48H97.74A158,158,0,0,1,119.05,174.38ZM286.13,256.1c-2,38.75-60.67,39.4-60.67,0S284.17,217.33,286.13,256.1Zm24,149.79C246.85,428.58,175,408.74,132.3,356.82a157.53,157.53,0,0,1-34.57-83H192.6c7.91,27.39,33.7,48,63.19,48,30.67,0,54.36-20.68,62.62-48h95.45C406.61,333,367.54,385.32,310.14,405.89Z"
          />
        </svg>
      </div>
      <div
        class="w-60 h-[258px] flex justify-center items-center shadow border border-slate-300 text-slate-400 bg-slate-300 dark:bg-slate-800 dark:text-slate-950 dark:border-slate-700 rounded-3xl animate-pulse "
        data-testid="card-skeleton-loader"
      >
        <svg
          fill="currentColor"
          height="800px"
          viewBox="0 0 512 512"
          width="800px"
          xmlns="http://www.w3.org/2000/svg"
        >
          <path
            d="M450.46,256.09C449.35,175.17,399.81,102.71,324,73.79,247.59,44.67,157.49,69,105.82,132.13,54.4,195,46.61,285.58,88.49,355.68c41.8,69.95,123.74,106,203.55,91.63,91-16.37,156.14-98.12,158.35-189.14A20.16,20.16,0,0,0,450.46,256.09ZM119.05,174.38C152.76,118,220.23,87,285,99.43c69.4,13.29,120.43,70.47,128.83,139H318.41c-8.26-27.36-32-48-62.62-48-29.65,0-55.15,20.65-63.11,48H97.74A158,158,0,0,1,119.05,174.38ZM286.13,256.1c-2,38.75-60.67,39.4-60.67,0S284.17,217.33,286.13,256.1Zm24,149.79C246.85,428.58,175,408.74,132.3,356.82a157.53,157.53,0,0,1-34.57-83H192.6c7.91,27.39,33.7,48,63.19,48,30.67,0,54.36-20.68,62.62-48h95.45C406.61,333,367.54,385.32,310.14,405.89Z"
          />
        </svg>
      </div>
      <div
        class="w-60 h-[258px] flex justify-center items-center shadow border border-slate-300 text-slate-400 bg-slate-300 dark:bg-slate-800 dark:text-slate-950 dark:border-slate-700 rounded-3xl animate-pulse "
        data-testid="card-skeleton-loader"
      >
        <svg
          fill="currentColor"
          height="800px"
          viewBox="0 0 512 512"
          width="800px"
          xmlns="http://www.w3.org/2000/svg"
        >
          <path
            d="M450.46,256.09C449.35,175.17,399.81,102.71,324,73.79,247.59,44.67,157.49,69,105.82,132.13,54.4,195,46.61,285.58,88.49,355.68c41.8,69.95,123.74,106,203.55,91.63,91-16.37,156.14-98.12,158.35-189.14A20.16,20.16,0,0,0,450.46,256.09ZM119.05,174.38C152.76,118,220.23,87,285,99.43c69.4,13.29,120.43,70.47,128.83,139H318.41c-8.26-27.36-32-48-62.62-48-29.65,0-55.15,20.65-63.11,48H97.74A158,158,0,0,1,119.05,174.38ZM286.13,256.1c-2,38.75-60.67,39.4-60.67,0S284.17,217.33,286.13,256.1Zm24,149.79C246.85,428.58,175,408.74,132.3,356.82a157.53,157.53,0,0,1-34.57-83H192.6c7.91,27.39,33.7,48,63.19,48,30.67,0,54.36-20.68,62.62-48h95.45C406.61,333,367.54,385.32,310.14,405.89Z"
          />
        </svg>
      </div>
    </ul>
  </section>
</DocumentFragment>
`;

exports[`PokemonList > renders pokemon list correctly 1`] = `
<DocumentFragment>
  <section
    aria-label="List of Pokémon"
    class="mt-56 p-2"
  >
    <ul
      class="flex justify-center gap-x-10 gap-y-28 flex-wrap"
    >
      <li
        class="list-none"
      >
        <a
          aria-label="View details of bulbasaur"
          class="inline-block focus-visible:outline outline-yellow-500 outline-2 focus-visible:outline-offset-8 outline-offset-0  rounded-3xl transition-offset duration-200 motion-reduce:duration-0"
          to="pokemon-details/bulbasaur"
        >
          <div
            class="inner-glow bg-slate-800 inline-flex flex-col justify-center group cursor-pointer  dark:bg-slate-900 p-2 dark:text-slate-50 rounded-3xl dark:border-slate-800 border"
          >
            <div
              class="parallax-effect-glare-scale "
            >
              <figure
                class="popup-element flex items-center justify-center"
              >
                <div
                  class="relative w-60 h-60 -mt-16"
                >
                  <img
                    alt="bulbasaur image-backdrop"
                    class="blur-2xl w-52 absolute opacity-50 group-hover:opacity-90 m-auto inset-0 transition-opacity"
                    height="240"
                    loading="lazy"
                    src="https://example.com/pokemon.png"
                    width="240"
                  />
                  <img
                    alt="bulbasaur image"
                    class="w-52 m-auto z-10 relative"
                    height="240"
                    loading="lazy"
                    src="https://example.com/pokemon.png"
                    width="240"
                  />
                </div>
              </figure>
              <div
                class="flex items-center justify-center gap-2"
              >
                <h3
                  class="text-slate-300 group-hover:text-slate-50 dark:text-slate-400 dark:group-hover:text-slate-50 group-hover:underline capitalize text-center font-semibold my-5 text-xl"
                >
                  bulbasaur
                </h3>
                <svg
                  aria-hidden="true"
                  aria-label="navigate icon"
                  class="lucide lucide-arrow-up-right opacity-0 size-0 scale-0 group-hover:opacity-100 group-hover:scale-100 group-hover:size-auto transition-transform text-slate-50 dark:text-slate-50"
                  fill="none"
                  height="24"
                  stroke="currentColor"
                  stroke-linecap="round"
                  stroke-linejoin="round"
                  stroke-width="2"
                  viewBox="0 0 24 24"
                  width="24"
                  xmlns="http://www.w3.org/2000/svg"
                >
                  <path
                    d="M7 7h10v10"
                  />
                  <path
                    d="M7 17 17 7"
                  />
                </svg>
              </div>
              <div
                class="glare-wrapper"
                style="position: absolute; top: 0px; left: 0px; width: 100%; height: 100%; overflow: hidden; border-radius: 24px; pointer-events: none;"
              >
                <div
                  class="glare"
                  style="position: absolute; top: 50%; left: 50%; transform-origin: 0% 0%; pointer-events: none; width: 0px; height: 0px;"
                />
              </div>
            </div>
          </div>
        </a>
      </li>
      <li
        class="list-none"
      >
        <a
          aria-label="View details of charmander"
          class="inline-block focus-visible:outline outline-yellow-500 outline-2 focus-visible:outline-offset-8 outline-offset-0  rounded-3xl transition-offset duration-200 motion-reduce:duration-0"
          to="pokemon-details/charmander"
        >
          <div
            class="inner-glow bg-slate-800 inline-flex flex-col justify-center group cursor-pointer  dark:bg-slate-900 p-2 dark:text-slate-50 rounded-3xl dark:border-slate-800 border"
          >
            <div
              class="parallax-effect-glare-scale "
            >
              <figure
                class="popup-element flex items-center justify-center"
              >
                <div
                  class="relative w-60 h-60 -mt-16"
                >
                  <img
                    alt="charmander image-backdrop"
                    class="blur-2xl w-52 absolute opacity-50 group-hover:opacity-90 m-auto inset-0 transition-opacity"
                    height="240"
                    loading="lazy"
                    src="https://example.com/pokemon.png"
                    width="240"
                  />
                  <img
                    alt="charmander image"
                    class="w-52 m-auto z-10 relative"
                    height="240"
                    loading="lazy"
                    src="https://example.com/pokemon.png"
                    width="240"
                  />
                </div>
              </figure>
              <div
                class="flex items-center justify-center gap-2"
              >
                <h3
                  class="text-slate-300 group-hover:text-slate-50 dark:text-slate-400 dark:group-hover:text-slate-50 group-hover:underline capitalize text-center font-semibold my-5 text-xl"
                >
                  charmander
                </h3>
                <svg
                  aria-hidden="true"
                  aria-label="navigate icon"
                  class="lucide lucide-arrow-up-right opacity-0 size-0 scale-0 group-hover:opacity-100 group-hover:scale-100 group-hover:size-auto transition-transform text-slate-50 dark:text-slate-50"
                  fill="none"
                  height="24"
                  stroke="currentColor"
                  stroke-linecap="round"
                  stroke-linejoin="round"
                  stroke-width="2"
                  viewBox="0 0 24 24"
                  width="24"
                  xmlns="http://www.w3.org/2000/svg"
                >
                  <path
                    d="M7 7h10v10"
                  />
                  <path
                    d="M7 17 17 7"
                  />
                </svg>
              </div>
              <div
                class="glare-wrapper"
                style="position: absolute; top: 0px; left: 0px; width: 100%; height: 100%; overflow: hidden; border-radius: 24px; pointer-events: none;"
              >
                <div
                  class="glare"
                  style="position: absolute; top: 50%; left: 50%; transform-origin: 0% 0%; pointer-events: none; width: 0px; height: 0px;"
                />
              </div>
            </div>
          </div>
        </a>
      </li>
      <li
        class="list-none"
      >
        <a
          aria-label="View details of squirtle"
          class="inline-block focus-visible:outline outline-yellow-500 outline-2 focus-visible:outline-offset-8 outline-offset-0  rounded-3xl transition-offset duration-200 motion-reduce:duration-0"
          to="pokemon-details/squirtle"
        >
          <div
            class="inner-glow bg-slate-800 inline-flex flex-col justify-center group cursor-pointer  dark:bg-slate-900 p-2 dark:text-slate-50 rounded-3xl dark:border-slate-800 border"
          >
            <div
              class="parallax-effect-glare-scale "
            >
              <figure
                class="popup-element flex items-center justify-center"
              >
                <div
                  class="relative w-60 h-60 -mt-16"
                >
                  <img
                    alt="squirtle image-backdrop"
                    class="blur-2xl w-52 absolute opacity-50 group-hover:opacity-90 m-auto inset-0 transition-opacity"
                    height="240"
                    loading="lazy"
                    src="https://example.com/pokemon.png"
                    width="240"
                  />
                  <img
                    alt="squirtle image"
                    class="w-52 m-auto z-10 relative"
                    height="240"
                    loading="lazy"
                    src="https://example.com/pokemon.png"
                    width="240"
                  />
                </div>
              </figure>
              <div
                class="flex items-center justify-center gap-2"
              >
                <h3
                  class="text-slate-300 group-hover:text-slate-50 dark:text-slate-400 dark:group-hover:text-slate-50 group-hover:underline capitalize text-center font-semibold my-5 text-xl"
                >
                  squirtle
                </h3>
                <svg
                  aria-hidden="true"
                  aria-label="navigate icon"
                  class="lucide lucide-arrow-up-right opacity-0 size-0 scale-0 group-hover:opacity-100 group-hover:scale-100 group-hover:size-auto transition-transform text-slate-50 dark:text-slate-50"
                  fill="none"
                  height="24"
                  stroke="currentColor"
                  stroke-linecap="round"
                  stroke-linejoin="round"
                  stroke-width="2"
                  viewBox="0 0 24 24"
                  width="24"
                  xmlns="http://www.w3.org/2000/svg"
                >
                  <path
                    d="M7 7h10v10"
                  />
                  <path
                    d="M7 17 17 7"
                  />
                </svg>
              </div>
              <div
                class="glare-wrapper"
                style="position: absolute; top: 0px; left: 0px; width: 100%; height: 100%; overflow: hidden; border-radius: 24px; pointer-events: none;"
              >
                <div
                  class="glare"
                  style="position: absolute; top: 50%; left: 50%; transform-origin: 0% 0%; pointer-events: none; width: 0px; height: 0px;"
                />
              </div>
            </div>
          </div>
        </a>
      </li>
    </ul>
  </section>
</DocumentFragment>
`;
