// Vitest Snapshot v1, https://vitest.dev/guide/snapshot.html

exports[`ItemsPerPage Component > renders correctly and matches the snapshot 1`] = `
<DocumentFragment>
  <label
    class="flex items-center gap-3 text-slate-500"
  >
    <span>
      Showing
    </span>
    <select
      class="p-2 rounded-full cursor-pointer border border-slate-200 bg-slate-50 text-slate-800 focus:outline-none focus-visible:ring-2 ring-yellow-500  dark:bg-slate-900 dark:text-slate-100 dark:border-slate-800"
      name="items-per-page"
    >
      <option
        value="20"
      >
        20
      </option>
      <option
        value="50"
      >
        50
      </option>
      <option
        value="100"
      >
        100
      </option>
    </select>
    <span>
      items per page
    </span>
  </label>
</DocumentFragment>
`;
